// Jest Snapshot v1, https://goo.gl/fbAQLP

exports[`Landing component matches snapshot DOM node structure 1`] = `
<DocumentFragment>
  <section
    class="my-5"
  >
    <h1
      id="title"
    >
      What To Watch
    </h1>
    <img
      alt="cover"
      class="my-2"
      src="landing-image.jpg"
      style="width: 100%;"
    />
  </section>
</DocumentFragment>
`;
