// Jest Snapshot v1, https://goo.gl/fbAQLP

exports[`Nav component matches snapshot 1`] = `
<DocumentFragment>
  <header>
    <h2>
      <a
        data-testid="link"
        href="/"
      >
        <span
          aria-label="clicker"
          role="img"
        >
          ðŸŽ¬
        </span>
         What2Watch
      </a>
    </h2>
    <nav>
      <ul
        class="flex-row"
      >
        <li
          class="mx-2"
        >
          <span>
            About
          </span>
        </li>
        <li
          class="mx-2"
        >
          <span>
            Browse
          </span>
        </li>
        <li
          class="mx-2"
        >
          <span>
            Login
          </span>
        </li>
        <li
          class="mx-2"
        >
          <span>
            Sign-Up
          </span>
        </li>
      </ul>
    </nav>
  </header>
</DocumentFragment>
`;
